// Jest Snapshot v1, https://goo.gl/fbAQLP

exports[`Should match its snapshot 1`] = `[Function]`;
